작업 45개, 슬롯 6개
[   0.0분] 시작 great seed0 (GPU 0)
[   0.0분] 시작 great seed1 (GPU 0)
[   0.0분] 시작 great seed2 (GPU 1)
[   0.0분] 시작 great seed3 (GPU 1)
[   0.0분] 시작 great seed4 (GPU 2)
[   0.0분] 시작 tabddpm seed0 (GPU 2)
[  19.0분] 끝   great seed4 rc=0 ok=True (19.0분, 남은 39)
[  19.0분] 시작 tabddpm seed1 (GPU 2)
[  20.0분] 끝   tabddpm seed0 rc=0 ok=True (20.0분, 남은 38)
[  20.0분] 시작 tabddpm seed2 (GPU 2)
[  27.5분] 끝   great seed0 rc=0 ok=True (27.5분, 남은 37)
[  27.5분] 끝   great seed1 rc=0 ok=True (27.5분, 남은 37)
[  27.5분] 끝   great seed2 rc=0 ok=True (27.5분, 남은 37)
[  27.5분] 끝   great seed3 rc=0 ok=True (27.5분, 남은 37)
[  27.5분] 시작 tabddpm seed3 (GPU 0)
[  27.5분] 시작 tabddpm seed4 (GPU 0)
[  27.5분] 시작 tabpfgen-prior seed0 (GPU 1)
[  27.5분] 시작 tabpfgen-prior seed1 (GPU 1)
[  29.0분] 끝   tabddpm seed1 rc=0 ok=True (10.0분, 남은 33)
[  29.0분] 끝   tabpfgen-prior seed0 rc=0 ok=True (1.5분, 남은 33)
[  29.0분] 끝   tabpfgen-prior seed1 rc=0 ok=True (1.5분, 남은 33)
[  29.0분] 시작 tabpfgen-prior seed2 (GPU 1)
[  29.0분] 시작 tabpfgen-prior seed3 (GPU 1)
[  29.0분] 시작 tabpfgen-prior seed4 (GPU 2)
[  30.0분] 끝   tabpfgen-prior seed4 rc=0 ok=True (1.0분, 남은 30)
[  30.0분] 시작 tvae seed0 (GPU 2)
[  30.5분] 끝   tabddpm seed2 rc=0 ok=True (10.5분, 남은 29)
[  30.5분] 끝   tabpfgen-prior seed2 rc=0 ok=True (1.5분, 남은 29)
[  30.5분] 끝   tabpfgen-prior seed3 rc=0 ok=True (1.5분, 남은 29)
[  30.5분] 끝   tvae seed0 rc=0 ok=True (0.5분, 남은 29)
[  30.5분] 시작 tvae seed1 (GPU 1)
[  30.5분] 시작 tvae seed2 (GPU 1)
[  30.5분] 시작 tvae seed3 (GPU 2)
[  30.5분] 시작 tvae seed4 (GPU 2)
[  31.0분] 끝   tvae seed1 rc=0 ok=True (0.5분, 남은 25)
[  31.0분] 끝   tvae seed2 rc=0 ok=True (0.5분, 남은 25)
[  31.0분] 끝   tvae seed3 rc=0 ok=True (0.5분, 남은 25)
[  31.0분] 끝   tvae seed4 rc=0 ok=True (0.5분, 남은 25)
[  31.0분] 시작 ctabgan seed0 (GPU 1)
[  31.0분] 시작 ctabgan seed1 (GPU 1)
[  31.0분] 시작 ctabgan seed2 (GPU 2)
[  31.0분] 시작 ctabgan seed3 (GPU 2)
[  32.0분] 끝   ctabgan seed0 rc=0 ok=True (1.0분, 남은 21)
[  32.0분] 끝   ctabgan seed1 rc=0 ok=True (1.0분, 남은 21)
[  32.0분] 끝   ctabgan seed2 rc=0 ok=True (1.0분, 남은 21)
[  32.0분] 끝   ctabgan seed3 rc=0 ok=True (1.0분, 남은 21)
[  32.0분] 시작 ctabgan seed4 (GPU 1)
[  32.0분] 시작 ctgan seed0 (GPU 1)
[  32.0분] 시작 ctgan seed1 (GPU 2)
[  32.0분] 시작 ctgan seed2 (GPU 2)
[  33.0분] 끝   ctabgan seed4 rc=0 ok=True (1.0분, 남은 17)
[  33.0분] 끝   ctgan seed0 rc=0 ok=True (1.0분, 남은 17)
[  33.0분] 끝   ctgan seed1 rc=0 ok=True (1.0분, 남은 17)
[  33.0분] 끝   ctgan seed2 rc=0 ok=True (1.0분, 남은 17)
[  33.0분] 시작 ctgan seed3 (GPU 1)
[  33.0분] 시작 ctgan seed4 (GPU 1)
[  33.0분] 시작 findiff seed0 (GPU 2)
[  33.0분] 시작 findiff seed1 (GPU 2)
[  33.5분] 끝   ctgan seed3 rc=0 ok=True (0.5분, 남은 13)
[  33.5분] 시작 findiff seed2 (GPU 1)
[  34.0분] 끝   ctgan seed4 rc=0 ok=True (1.0분, 남은 12)
[  34.0분] 끝   findiff seed0 rc=0 ok=True (1.0분, 남은 12)
[  34.0분] 끝   findiff seed1 rc=0 ok=True (1.0분, 남은 12)
[  34.0분] 시작 findiff seed3 (GPU 1)
[  34.0분] 시작 findiff seed4 (GPU 2)
[  34.0분] 시작 ctabgan-plus seed0 (GPU 2)
[  34.5분] 끝   findiff seed2 rc=0 ok=True (1.0분, 남은 9)
[  34.5분] 시작 ctabgan-plus seed1 (GPU 1)
[  35.0분] 끝   findiff seed3 rc=0 ok=True (1.0분, 남은 8)
[  35.0분] 끝   findiff seed4 rc=0 ok=True (1.0분, 남은 8)
[  35.0분] 끝   ctabgan-plus seed0 rc=0 ok=True (1.0분, 남은 8)
[  35.0분] 시작 ctabgan-plus seed2 (GPU 1)
[  35.0분] 시작 ctabgan-plus seed3 (GPU 2)
[  35.0분] 시작 ctabgan-plus seed4 (GPU 2)
[  35.5분] 끝   ctabgan-plus seed1 rc=0 ok=True (1.0분, 남은 5)
[  35.5분] 시작 tabpfgen seed0 (GPU 1)
[  36.0분] 끝   ctabgan-plus seed2 rc=0 ok=True (1.0분, 남은 4)
[  36.0분] 끝   ctabgan-plus seed3 rc=0 ok=True (1.0분, 남은 4)
[  36.0분] 끝   ctabgan-plus seed4 rc=0 ok=True (1.0분, 남은 4)
[  36.0분] 끝   tabpfgen seed0 rc=0 ok=True (0.5분, 남은 4)
[  36.0분] 시작 tabpfgen seed1 (GPU 1)
[  36.0분] 시작 tabpfgen seed2 (GPU 1)
[  36.0분] 시작 tabpfgen seed3 (GPU 2)
[  36.0분] 시작 tabpfgen seed4 (GPU 2)
[  37.0분] 끝   tabpfgen seed1 rc=0 ok=True (1.0분, 남은 0)
[  37.0분] 끝   tabpfgen seed2 rc=0 ok=True (1.0분, 남은 0)
[  37.0분] 끝   tabpfgen seed3 rc=0 ok=True (1.0분, 남은 0)
[  37.0분] 끝   tabpfgen seed4 rc=0 ok=True (1.0분, 남은 0)
[  38.0분] 끝   tabddpm seed3 rc=0 ok=True (10.5분, 남은 0)
[  38.0분] 끝   tabddpm seed4 rc=0 ok=True (10.5분, 남은 0)
모두 끝
