작업 55개, 슬롯 6개
[   0.0분] 시작 tabdiff seed0 (GPU 0)
[   0.0분] 시작 tabdiff seed1 (GPU 0)
[   0.0분] 시작 tabdiff seed2 (GPU 1)
[   0.0분] 시작 tabdiff seed3 (GPU 1)
[   0.0분] 시작 tabdiff seed4 (GPU 2)
[   0.0분] 시작 tabsyn seed0 (GPU 2)
[  50.0분] 끝   tabdiff seed0 rc=0 ok=True (50.0분, 남은 49)
[  50.0분] 끝   tabdiff seed1 rc=0 ok=True (50.0분, 남은 49)
[  50.0분] 끝   tabdiff seed2 rc=0 ok=True (50.0분, 남은 49)
[  50.0분] 끝   tabdiff seed4 rc=0 ok=True (50.0분, 남은 49)
[  50.0분] 시작 tabsyn seed1 (GPU 0)
[  50.0분] 시작 tabsyn seed2 (GPU 0)
[  50.0분] 시작 tabsyn seed3 (GPU 1)
[  50.0분] 시작 tabsyn seed4 (GPU 2)
[  50.5분] 끝   tabdiff seed3 rc=0 ok=True (50.5분, 남은 45)
[  50.5분] 시작 great seed0 (GPU 1)
[  72.5분] 끝   tabsyn seed0 rc=0 ok=True (72.5분, 남은 44)
[  72.5분] 시작 great seed1 (GPU 2)
[ 113.0분] 끝   tabsyn seed1 rc=0 ok=True (63.0분, 남은 43)
[ 113.0분] 시작 great seed2 (GPU 0)
